<!DOCTYPE html><html lang="en"><head><meta charset="utf-8"><meta name="viewport" content="width=device-width, initial-scale=1.0"><meta name="generator" content="rustdoc"><meta name="description" content="API documentation for the Rust `Expected` type in crate `pear`."><title>Expected in pear::input - Rust</title><link rel="preload" as="font" type="font/woff2" crossorigin href="../../static.files/SourceSerif4-Regular-46f98efaafac5295.ttf.woff2"><link rel="preload" as="font" type="font/woff2" crossorigin href="../../static.files/FiraSans-Regular-018c141bf0843ffd.woff2"><link rel="preload" as="font" type="font/woff2" crossorigin href="../../static.files/FiraSans-Medium-8f9a781e4970d388.woff2"><link rel="preload" as="font" type="font/woff2" crossorigin href="../../static.files/SourceCodePro-Regular-562dcc5011b6de7d.ttf.woff2"><link rel="preload" as="font" type="font/woff2" crossorigin href="../../static.files/SourceSerif4-Bold-a2c9cd1067f8b328.ttf.woff2"><link rel="preload" as="font" type="font/woff2" crossorigin href="../../static.files/SourceCodePro-Semibold-d899c5a5c4aeb14a.ttf.woff2"><link rel="stylesheet" href="../../static.files/normalize-76eba96aa4d2e634.css"><link rel="stylesheet" href="../../static.files/rustdoc-e55129dfe7097f57.css"><meta name="rustdoc-vars" data-root-path="../../" data-static-root-path="../../static.files/" data-current-crate="pear" data-themes="" data-resource-suffix="" data-rustdoc-version="1.74.0-nightly (e9d5254f8 2023-09-23)" data-channel="nightly" data-search-js="search-5d3eaacf19ebf04f.js" data-settings-js="settings-74424d7eec62a23e.js" ><script src="../../static.files/storage-fec3eaa3851e447d.js"></script><script defer src="sidebar-items.js"></script><script defer src="../../static.files/main-2d896f5a7792e603.js"></script><noscript><link rel="stylesheet" href="../../static.files/noscript-5d8b3c7633ad77ba.css"></noscript><link rel="alternate icon" type="image/png" href="../../static.files/favicon-16x16-8b506e7a72182f1c.png"><link rel="alternate icon" type="image/png" href="../../static.files/favicon-32x32-422f7d1d52889060.png"><link rel="icon" type="image/svg+xml" href="../../static.files/favicon-2c020d218678b618.svg"></head><body class="rustdoc type"><!--[if lte IE 11]><div class="warning">This old browser is unsupported and will most likely display funky things.</div><![endif]--><nav class="mobile-topbar"><button class="sidebar-menu-toggle">&#9776;</button></nav><nav class="sidebar"><div class="sidebar-crate"><h2><a href="../../pear/index.html">pear</a><span class="version">0.2.7</span></h2></div><h2 class="location"><a href="#">Expected</a></h2><div class="sidebar-elems"><section><h3><a href="#aliased-type">Aliased type</a></h3><h3><a href="#variants">Variants</a></h3><ul class="block"><li><a href="#variant.Elided">Elided</a></li><li><a href="#variant.Eof">Eof</a></li><li><a href="#variant.Other">Other</a></li><li><a href="#variant.Slice">Slice</a></li><li><a href="#variant.Token">Token</a></li></ul><h3><a href="#implementations">Methods</a></h3><ul class="block"><li><a href="#method.eof">eof</a></li><li><a href="#method.into_owned">into_owned</a></li><li><a href="#method.map">map</a></li><li><a href="#method.slice">slice</a></li><li><a href="#method.token">token</a></li></ul><h3><a href="#trait-implementations">Trait Implementations</a></h3><ul class="block"><li><a href="#impl-Clone-for-Expected%3CT,+S%3E">Clone</a></li><li><a href="#impl-Debug-for-Expected%3CT,+S%3E">Debug</a></li><li><a href="#impl-Display-for-Expected%3CT,+S%3E">Display</a></li><li><a href="#impl-From%3C%26'static+str%3E-for-Expected%3CT,+S%3E">From&lt;&amp;&#x27;static str&gt;</a></li><li><a href="#impl-From%3CString%3E-for-Expected%3CT,+S%3E">From&lt;String&gt;</a></li></ul></section><h2><a href="index.html">In pear::input</a></h2></div></nav><main><div class="width-limiter"><nav class="sub"><form class="search-form"><span></span><input class="search-input" name="search" aria-label="Run search in the documentation" autocomplete="off" spellcheck="false" placeholder="Click or press ‘S’ to search, ‘?’ for more options…" type="search"><div id="help-button" title="help" tabindex="-1"><a href="../../help.html">?</a></div><div id="settings-menu" tabindex="-1"><a href="../../settings.html" title="settings"><img width="22" height="22" alt="Change settings" src="../../static.files/wheel-7b819b6101059cd0.svg"></a></div></form></nav><section id="main-content" class="content"><div class="main-heading"><h1>Type Alias <a href="../index.html">pear</a>::<wbr><a href="index.html">input</a>::<wbr><a class="type" href="#">Expected</a><button id="copy-path" title="Copy item path to clipboard"><img src="../../static.files/clipboard-7571035ce49a181d.svg" width="19" height="18" alt="Copy item path"></button></h1><span class="out-of-band"><a class="src" href="../../src/pear/input/mod.rs.html#19">source</a> · <button id="toggle-all-docs" title="collapse all docs">[<span>&#x2212;</span>]</button></span></div><pre class="rust item-decl"><code>pub type Expected&lt;I&gt; = <a class="enum" href="../error/enum.Expected.html" title="enum pear::error::Expected">Expected</a>&lt;&lt;I as <a class="trait" href="trait.Input.html" title="trait pear::input::Input">Input</a>&gt;::<a class="associatedtype" href="trait.Input.html#associatedtype.Token" title="type pear::input::Input::Token">Token</a>, &lt;I as <a class="trait" href="trait.Input.html" title="trait pear::input::Input">Input</a>&gt;::<a class="associatedtype" href="trait.Input.html#associatedtype.Slice" title="type pear::input::Input::Slice">Slice</a>&gt;;</code></pre><h2 id="aliased-type" class="small-section-header">Aliased Type<a href="#aliased-type" class="anchor">§</a></h2><pre class="rust item-decl"><code>enum Expected&lt;I&gt; {
    Token(<a class="enum" href="https://doc.rust-lang.org/nightly/core/option/enum.Option.html" title="enum core::option::Option">Option</a>&lt;<a class="enum" href="../../inlinable_string/enum.InlinableString.html" title="enum inlinable_string::InlinableString">InlinableString</a>&gt;, <a class="enum" href="https://doc.rust-lang.org/nightly/core/option/enum.Option.html" title="enum core::option::Option">Option</a>&lt;&lt;I as <a class="trait" href="trait.Input.html" title="trait pear::input::Input">Input</a>&gt;::<a class="associatedtype" href="trait.Input.html#associatedtype.Token" title="type pear::input::Input::Token">Token</a>&gt;),
    Slice(<a class="enum" href="https://doc.rust-lang.org/nightly/core/option/enum.Option.html" title="enum core::option::Option">Option</a>&lt;<a class="enum" href="../../inlinable_string/enum.InlinableString.html" title="enum inlinable_string::InlinableString">InlinableString</a>&gt;, <a class="enum" href="https://doc.rust-lang.org/nightly/core/option/enum.Option.html" title="enum core::option::Option">Option</a>&lt;&lt;I as <a class="trait" href="trait.Input.html" title="trait pear::input::Input">Input</a>&gt;::<a class="associatedtype" href="trait.Input.html#associatedtype.Slice" title="type pear::input::Input::Slice">Slice</a>&gt;),
    Eof(<a class="enum" href="https://doc.rust-lang.org/nightly/core/option/enum.Option.html" title="enum core::option::Option">Option</a>&lt;&lt;I as <a class="trait" href="trait.Input.html" title="trait pear::input::Input">Input</a>&gt;::<a class="associatedtype" href="trait.Input.html#associatedtype.Token" title="type pear::input::Input::Token">Token</a>&gt;),
    Other(CowInlineString),
    Elided,
}</code></pre><h2 id="variants" class="variants small-section-header">Variants<a href="#variants" class="anchor">§</a></h2><div class="variants"><section id="variant.Token" class="variant"><a href="#variant.Token" class="anchor">§</a><h3 class="code-header">Token(<a class="enum" href="https://doc.rust-lang.org/nightly/core/option/enum.Option.html" title="enum core::option::Option">Option</a>&lt;<a class="enum" href="../../inlinable_string/enum.InlinableString.html" title="enum inlinable_string::InlinableString">InlinableString</a>&gt;, <a class="enum" href="https://doc.rust-lang.org/nightly/core/option/enum.Option.html" title="enum core::option::Option">Option</a>&lt;&lt;I as <a class="trait" href="trait.Input.html" title="trait pear::input::Input">Input</a>&gt;::<a class="associatedtype" href="trait.Input.html#associatedtype.Token" title="type pear::input::Input::Token">Token</a>&gt;)</h3></section><section id="variant.Slice" class="variant"><a href="#variant.Slice" class="anchor">§</a><h3 class="code-header">Slice(<a class="enum" href="https://doc.rust-lang.org/nightly/core/option/enum.Option.html" title="enum core::option::Option">Option</a>&lt;<a class="enum" href="../../inlinable_string/enum.InlinableString.html" title="enum inlinable_string::InlinableString">InlinableString</a>&gt;, <a class="enum" href="https://doc.rust-lang.org/nightly/core/option/enum.Option.html" title="enum core::option::Option">Option</a>&lt;&lt;I as <a class="trait" href="trait.Input.html" title="trait pear::input::Input">Input</a>&gt;::<a class="associatedtype" href="trait.Input.html#associatedtype.Slice" title="type pear::input::Input::Slice">Slice</a>&gt;)</h3></section><section id="variant.Eof" class="variant"><a href="#variant.Eof" class="anchor">§</a><h3 class="code-header">Eof(<a class="enum" href="https://doc.rust-lang.org/nightly/core/option/enum.Option.html" title="enum core::option::Option">Option</a>&lt;&lt;I as <a class="trait" href="trait.Input.html" title="trait pear::input::Input">Input</a>&gt;::<a class="associatedtype" href="trait.Input.html#associatedtype.Token" title="type pear::input::Input::Token">Token</a>&gt;)</h3></section><section id="variant.Other" class="variant"><a href="#variant.Other" class="anchor">§</a><h3 class="code-header">Other(CowInlineString)</h3></section><section id="variant.Elided" class="variant"><a href="#variant.Elided" class="anchor">§</a><h3 class="code-header">Elided</h3></section></div><h2 id="implementations" class="small-section-header">Implementations<a href="#implementations" class="anchor">§</a></h2><div id="implementations-list"><details class="toggle implementors-toggle" open><summary><section id="impl-Expected%3CToken,+Slice%3E" class="impl"><a class="src rightside" href="../../src/pear/expected.rs.html#43-52">source</a><a href="#impl-Expected%3CToken,+Slice%3E" class="anchor">§</a><h3 class="code-header">impl&lt;Token, Slice&gt; <a class="enum" href="../error/enum.Expected.html" title="enum pear::error::Expected">Expected</a>&lt;Token, Slice&gt;</h3></section></summary><div class="impl-items"><section id="method.token" class="method"><a class="src rightside" href="../../src/pear/expected.rs.html#44-47">source</a><h4 class="code-header">pub fn <a href="#method.token" class="fn">token</a>&lt;T: <a class="trait" href="trait.Show.html" title="trait pear::input::Show">Show</a>&gt;(expected: <a class="enum" href="https://doc.rust-lang.org/nightly/core/option/enum.Option.html" title="enum core::option::Option">Option</a>&lt;<a class="primitive" href="https://doc.rust-lang.org/nightly/std/primitive.reference.html">&amp;T</a>&gt;, found: <a class="enum" href="https://doc.rust-lang.org/nightly/core/option/enum.Option.html" title="enum core::option::Option">Option</a>&lt;Token&gt;) -&gt; Self</h4></section><section id="method.eof" class="method"><a class="src rightside" href="../../src/pear/expected.rs.html#49-51">source</a><h4 class="code-header">pub fn <a href="#method.eof" class="fn">eof</a>(found: <a class="enum" href="https://doc.rust-lang.org/nightly/core/option/enum.Option.html" title="enum core::option::Option">Option</a>&lt;Token&gt;) -&gt; Self</h4></section></div></details><details class="toggle implementors-toggle" open><summary><section id="impl-Expected%3CToken,+Slice%3E-1" class="impl"><a class="src rightside" href="../../src/pear/expected.rs.html#54-59">source</a><a href="#impl-Expected%3CToken,+Slice%3E-1" class="anchor">§</a><h3 class="code-header">impl&lt;Token, Slice&gt; <a class="enum" href="../error/enum.Expected.html" title="enum pear::error::Expected">Expected</a>&lt;Token, Slice&gt;</h3></section></summary><div class="impl-items"><section id="method.slice" class="method"><a class="src rightside" href="../../src/pear/expected.rs.html#55-58">source</a><h4 class="code-header">pub fn <a href="#method.slice" class="fn">slice</a>&lt;S: <a class="trait" href="trait.Show.html" title="trait pear::input::Show">Show</a>&gt;(expected: <a class="enum" href="https://doc.rust-lang.org/nightly/core/option/enum.Option.html" title="enum core::option::Option">Option</a>&lt;<a class="primitive" href="https://doc.rust-lang.org/nightly/std/primitive.reference.html">&amp;S</a>&gt;, found: <a class="enum" href="https://doc.rust-lang.org/nightly/core/option/enum.Option.html" title="enum core::option::Option">Option</a>&lt;Slice&gt;) -&gt; Self</h4></section></div></details><details class="toggle implementors-toggle" open><summary><section id="impl-Expected%3CToken,+Slice%3E-2" class="impl"><a class="src rightside" href="../../src/pear/expected.rs.html#61-75">source</a><a href="#impl-Expected%3CToken,+Slice%3E-2" class="anchor">§</a><h3 class="code-header">impl&lt;Token, Slice&gt; <a class="enum" href="../error/enum.Expected.html" title="enum pear::error::Expected">Expected</a>&lt;Token, Slice&gt;</h3></section></summary><div class="impl-items"><section id="method.map" class="method"><a class="src rightside" href="../../src/pear/expected.rs.html#62-74">source</a><h4 class="code-header">pub fn <a href="#method.map" class="fn">map</a>&lt;FT, FS, T, S&gt;(self, t: FT, s: FS) -&gt; <a class="enum" href="../error/enum.Expected.html" title="enum pear::error::Expected">Expected</a>&lt;T, S&gt;<span class="where fmt-newline">where
    FT: <a class="trait" href="https://doc.rust-lang.org/nightly/core/ops/function/trait.Fn.html" title="trait core::ops::function::Fn">Fn</a>(Token) -&gt; T,
    FS: <a class="trait" href="https://doc.rust-lang.org/nightly/core/ops/function/trait.Fn.html" title="trait core::ops::function::Fn">Fn</a>(Slice) -&gt; S,</span></h4></section></div></details><details class="toggle implementors-toggle" open><summary><section id="impl-Expected%3CT,+%26S%3E" class="impl"><a class="src rightside" href="../../src/pear/expected.rs.html#77-81">source</a><a href="#impl-Expected%3CT,+%26S%3E" class="anchor">§</a><h3 class="code-header">impl&lt;T: <a class="trait" href="https://doc.rust-lang.org/nightly/alloc/borrow/trait.ToOwned.html" title="trait alloc::borrow::ToOwned">ToOwned</a>, S: ?<a class="trait" href="https://doc.rust-lang.org/nightly/core/marker/trait.Sized.html" title="trait core::marker::Sized">Sized</a> + <a class="trait" href="https://doc.rust-lang.org/nightly/alloc/borrow/trait.ToOwned.html" title="trait alloc::borrow::ToOwned">ToOwned</a>&gt; <a class="enum" href="../error/enum.Expected.html" title="enum pear::error::Expected">Expected</a>&lt;T, <a class="primitive" href="https://doc.rust-lang.org/nightly/std/primitive.reference.html">&amp;S</a>&gt;</h3></section></summary><div class="impl-items"><section id="method.into_owned" class="method"><a class="src rightside" href="../../src/pear/expected.rs.html#78-80">source</a><h4 class="code-header">pub fn <a href="#method.into_owned" class="fn">into_owned</a>(self) -&gt; <a class="enum" href="../error/enum.Expected.html" title="enum pear::error::Expected">Expected</a>&lt;T::<a class="associatedtype" href="https://doc.rust-lang.org/nightly/alloc/borrow/trait.ToOwned.html#associatedtype.Owned" title="type alloc::borrow::ToOwned::Owned">Owned</a>, S::<a class="associatedtype" href="https://doc.rust-lang.org/nightly/alloc/borrow/trait.ToOwned.html#associatedtype.Owned" title="type alloc::borrow::ToOwned::Owned">Owned</a>&gt;</h4></section></div></details></div><h2 id="trait-implementations" class="small-section-header">Trait Implementations<a href="#trait-implementations" class="anchor">§</a></h2><div id="trait-implementations-list"><details class="toggle implementors-toggle" open><summary><section id="impl-Clone-for-Expected%3CT,+S%3E" class="impl"><a class="src rightside" href="../../src/pear/expected.rs.html#125-135">source</a><a href="#impl-Clone-for-Expected%3CT,+S%3E" class="anchor">§</a><h3 class="code-header">impl&lt;T: <a class="trait" href="https://doc.rust-lang.org/nightly/core/clone/trait.Clone.html" title="trait core::clone::Clone">Clone</a>, S: <a class="trait" href="https://doc.rust-lang.org/nightly/core/clone/trait.Clone.html" title="trait core::clone::Clone">Clone</a>&gt; <a class="trait" href="https://doc.rust-lang.org/nightly/core/clone/trait.Clone.html" title="trait core::clone::Clone">Clone</a> for <a class="enum" href="../error/enum.Expected.html" title="enum pear::error::Expected">Expected</a>&lt;T, S&gt;</h3></section></summary><div class="impl-items"><details class="toggle method-toggle" open><summary><section id="method.clone" class="method trait-impl"><a class="src rightside" href="../../src/pear/expected.rs.html#126-134">source</a><a href="#method.clone" class="anchor">§</a><h4 class="code-header">fn <a href="https://doc.rust-lang.org/nightly/core/clone/trait.Clone.html#tymethod.clone" class="fn">clone</a>(&amp;self) -&gt; Self</h4></section></summary><div class='docblock'>Returns a copy of the value. <a href="https://doc.rust-lang.org/nightly/core/clone/trait.Clone.html#tymethod.clone">Read more</a></div></details><details class="toggle method-toggle" open><summary><section id="method.clone_from" class="method trait-impl"><span class="rightside"><span class="since" title="Stable since Rust version 1.0.0">1.0.0</span> · <a class="src" href="https://doc.rust-lang.org/nightly/src/core/clone.rs.html#169">source</a></span><a href="#method.clone_from" class="anchor">§</a><h4 class="code-header">fn <a href="https://doc.rust-lang.org/nightly/core/clone/trait.Clone.html#method.clone_from" class="fn">clone_from</a>(&amp;mut self, source: <a class="primitive" href="https://doc.rust-lang.org/nightly/std/primitive.reference.html">&amp;Self</a>)</h4></section></summary><div class='docblock'>Performs copy-assignment from <code>source</code>. <a href="https://doc.rust-lang.org/nightly/core/clone/trait.Clone.html#method.clone_from">Read more</a></div></details></div></details><details class="toggle implementors-toggle" open><summary><section id="impl-Debug-for-Expected%3CT,+S%3E" class="impl"><a class="src rightside" href="../../src/pear/expected.rs.html#105-123">source</a><a href="#impl-Debug-for-Expected%3CT,+S%3E" class="anchor">§</a><h3 class="code-header">impl&lt;T: <a class="trait" href="https://doc.rust-lang.org/nightly/core/fmt/trait.Debug.html" title="trait core::fmt::Debug">Debug</a>, S: <a class="trait" href="https://doc.rust-lang.org/nightly/core/fmt/trait.Debug.html" title="trait core::fmt::Debug">Debug</a>&gt; <a class="trait" href="https://doc.rust-lang.org/nightly/core/fmt/trait.Debug.html" title="trait core::fmt::Debug">Debug</a> for <a class="enum" href="../error/enum.Expected.html" title="enum pear::error::Expected">Expected</a>&lt;T, S&gt;</h3></section></summary><div class="impl-items"><details class="toggle method-toggle" open><summary><section id="method.fmt-1" class="method trait-impl"><a class="src rightside" href="../../src/pear/expected.rs.html#106-122">source</a><a href="#method.fmt-1" class="anchor">§</a><h4 class="code-header">fn <a href="https://doc.rust-lang.org/nightly/core/fmt/trait.Debug.html#tymethod.fmt" class="fn">fmt</a>(&amp;self, f: &amp;mut <a class="struct" href="https://doc.rust-lang.org/nightly/core/fmt/struct.Formatter.html" title="struct core::fmt::Formatter">Formatter</a>&lt;'_&gt;) -&gt; <a class="type" href="https://doc.rust-lang.org/nightly/core/fmt/type.Result.html" title="type core::fmt::Result">Result</a></h4></section></summary><div class='docblock'>Formats the value using the given formatter. <a href="https://doc.rust-lang.org/nightly/core/fmt/trait.Debug.html#tymethod.fmt">Read more</a></div></details></div></details><details class="toggle implementors-toggle" open><summary><section id="impl-Display-for-Expected%3CT,+S%3E" class="impl"><a class="src rightside" href="../../src/pear/expected.rs.html#137-179">source</a><a href="#impl-Display-for-Expected%3CT,+S%3E" class="anchor">§</a><h3 class="code-header">impl&lt;T: <a class="trait" href="trait.Show.html" title="trait pear::input::Show">Show</a>, S: <a class="trait" href="trait.Show.html" title="trait pear::input::Show">Show</a>&gt; <a class="trait" href="https://doc.rust-lang.org/nightly/core/fmt/trait.Display.html" title="trait core::fmt::Display">Display</a> for <a class="enum" href="../error/enum.Expected.html" title="enum pear::error::Expected">Expected</a>&lt;T, S&gt;</h3></section></summary><div class="impl-items"><details class="toggle method-toggle" open><summary><section id="method.fmt" class="method trait-impl"><a class="src rightside" href="../../src/pear/expected.rs.html#138-178">source</a><a href="#method.fmt" class="anchor">§</a><h4 class="code-header">fn <a href="https://doc.rust-lang.org/nightly/core/fmt/trait.Display.html#tymethod.fmt" class="fn">fmt</a>(&amp;self, f: &amp;mut <a class="struct" href="https://doc.rust-lang.org/nightly/core/fmt/struct.Formatter.html" title="struct core::fmt::Formatter">Formatter</a>&lt;'_&gt;) -&gt; <a class="type" href="https://doc.rust-lang.org/nightly/core/fmt/type.Result.html" title="type core::fmt::Result">Result</a></h4></section></summary><div class='docblock'>Formats the value using the given formatter. <a href="https://doc.rust-lang.org/nightly/core/fmt/trait.Display.html#tymethod.fmt">Read more</a></div></details></div></details><details class="toggle implementors-toggle" open><summary><section id="impl-From%3C%26'static+str%3E-for-Expected%3CT,+S%3E" class="impl"><a class="src rightside" href="../../src/pear/expected.rs.html#98-103">source</a><a href="#impl-From%3C%26'static+str%3E-for-Expected%3CT,+S%3E" class="anchor">§</a><h3 class="code-header">impl&lt;T, S&gt; <a class="trait" href="https://doc.rust-lang.org/nightly/core/convert/trait.From.html" title="trait core::convert::From">From</a>&lt;&amp;'static <a class="primitive" href="https://doc.rust-lang.org/nightly/std/primitive.str.html">str</a>&gt; for <a class="enum" href="../error/enum.Expected.html" title="enum pear::error::Expected">Expected</a>&lt;T, S&gt;</h3></section></summary><div class="impl-items"><details class="toggle method-toggle" open><summary><section id="method.from" class="method trait-impl"><a class="src rightside" href="../../src/pear/expected.rs.html#100-102">source</a><a href="#method.from" class="anchor">§</a><h4 class="code-header">fn <a href="https://doc.rust-lang.org/nightly/core/convert/trait.From.html#tymethod.from" class="fn">from</a>(string: &amp;'static <a class="primitive" href="https://doc.rust-lang.org/nightly/std/primitive.str.html">str</a>) -&gt; <a class="enum" href="../error/enum.Expected.html" title="enum pear::error::Expected">Expected</a>&lt;T, S&gt;</h4></section></summary><div class='docblock'>Converts to this type from the input type.</div></details></div></details><details class="toggle implementors-toggle" open><summary><section id="impl-From%3CString%3E-for-Expected%3CT,+S%3E" class="impl"><a class="src rightside" href="../../src/pear/expected.rs.html#83-88">source</a><a href="#impl-From%3CString%3E-for-Expected%3CT,+S%3E" class="anchor">§</a><h3 class="code-header">impl&lt;T, S&gt; <a class="trait" href="https://doc.rust-lang.org/nightly/core/convert/trait.From.html" title="trait core::convert::From">From</a>&lt;<a class="struct" href="https://doc.rust-lang.org/nightly/alloc/string/struct.String.html" title="struct alloc::string::String">String</a>&gt; for <a class="enum" href="../error/enum.Expected.html" title="enum pear::error::Expected">Expected</a>&lt;T, S&gt;</h3></section></summary><div class="impl-items"><details class="toggle method-toggle" open><summary><section id="method.from-1" class="method trait-impl"><a class="src rightside" href="../../src/pear/expected.rs.html#85-87">source</a><a href="#method.from-1" class="anchor">§</a><h4 class="code-header">fn <a href="https://doc.rust-lang.org/nightly/core/convert/trait.From.html#tymethod.from" class="fn">from</a>(string: <a class="struct" href="https://doc.rust-lang.org/nightly/alloc/string/struct.String.html" title="struct alloc::string::String">String</a>) -&gt; <a class="enum" href="../error/enum.Expected.html" title="enum pear::error::Expected">Expected</a>&lt;T, S&gt;</h4></section></summary><div class='docblock'>Converts to this type from the input type.</div></details></div></details></div></section></div></main></body></html>